// Jest Snapshot v1, https://goo.gl/fbAQLP

exports[`initialize the gameboard should initialized and create the board with 5 rows and 5 columns into the DOM 1`] = `
<table
  id="gameboard"
>
  <tr
    id="0"
  >
    <td
      class="0"
    />
    <td
      class="1"
    />
    <td
      class="2"
    />
    <td
      class="3"
    />
    <td
      class="4"
    />
  </tr>
  <tr
    id="1"
  >
    <td
      class="0"
    />
    <td
      class="1"
    />
    <td
      class="2"
    />
    <td
      class="3"
    />
    <td
      class="4"
    />
  </tr>
  <tr
    id="2"
  >
    <td
      class="0"
    />
    <td
      class="1"
    />
    <td
      class="2"
    />
    <td
      class="3"
    />
    <td
      class="4"
    />
  </tr>
  <tr
    id="3"
  >
    <td
      class="0"
    />
    <td
      class="1"
    />
    <td
      class="2"
    />
    <td
      class="3"
    />
    <td
      class="4"
    />
  </tr>
  <tr
    id="4"
  >
    <td
      class="0"
    />
    <td
      class="1"
    />
    <td
      class="2"
    />
    <td
      class="3"
    />
    <td
      class="4"
    />
  </tr>
</table>
`;
